time="2025-11-20T11:44:51+07:00" level=warning msg="The \"REDIS_PASSWORD\" variable is not set. Defaulting to a blank string."
time="2025-11-20T11:44:51+07:00" level=warning msg="D:\\DJANGO\\mojiq\\mojiq-ai\\longterm-backup-config\\docker-compose.yml: the attribute `version` is obsolete, it will be ignored, please remove it to avoid potential confusion"
#1 [internal] load local bake definitions
#1 reading from stdin 1.19kB done
#1 DONE 0.0s

#2 [frontend internal] load build definition from Dockerfile
#2 transferring dockerfile:
#2 transferring dockerfile: 2.49kB 0.0s done
#2 WARN: FromAsCasing: 'as' and 'FROM' keywords' casing do not match (line 12)
#2 DONE 0.2s

#3 [api internal] load build definition from Dockerfile
#3 transferring dockerfile: 2.95kB 0.0s done
#3 DONE 0.2s

#4 [frontend internal] load metadata for docker.io/library/nginx:1.25-alpine
#4 ...

#5 [frontend internal] load metadata for docker.io/library/node:18-alpine
#5 DONE 2.9s

#6 [api internal] load metadata for docker.io/library/python:3.11-slim
#6 DONE 2.9s

#4 [frontend internal] load metadata for docker.io/library/nginx:1.25-alpine
#4 DONE 2.9s

#7 [frontend internal] load .dockerignore
#7 transferring context:
#7 transferring context: 2B done
#7 DONE 0.2s

#8 [frontend stage-1 1/6] FROM docker.io/library/nginx:1.25-alpine@sha256:516475cc129da42866742567714ddc681e5eed7b9ee0b9e9c015e464b4221a00
#8 resolve docker.io/library/nginx:1.25-alpine@sha256:516475cc129da42866742567714ddc681e5eed7b9ee0b9e9c015e464b4221a00 0.1s done
#8 CACHED

#9 [frontend builder 1/6] FROM docker.io/library/node:18-alpine@sha256:8d6421d663b4c28fd3ebc498332f249011d118945588d0a35cb9bc4b8ca09d9e
#9 resolve docker.io/library/node:18-alpine@sha256:8d6421d663b4c28fd3ebc498332f249011d118945588d0a35cb9bc4b8ca09d9e 0.1s done
#9 DONE 0.2s

#10 [frontend builder 2/6] WORKDIR /build
#10 CACHED

#11 [frontend stage-1 2/6] RUN rm -rf /etc/nginx/conf.d/default.conf
#11 DONE 0.7s

#12 [api internal] load .dockerignore
#12 transferring context: 2B done
#12 DONE 0.3s

#13 [api builder 1/5] FROM docker.io/library/python:3.11-slim@sha256:8ef21a26e7c342e978a68cf2d6b07627885930530064f572f432ea422a8c0907
#13 resolve docker.io/library/python:3.11-slim@sha256:8ef21a26e7c342e978a68cf2d6b07627885930530064f572f432ea422a8c0907 0.1s done
#13 CACHED

#14 [api builder 2/5] WORKDIR /build
#14 CACHED

#15 [api stage-1 2/7] RUN apt-get update && apt-get install -y --no-install-recommends     libpq5     openssh-client     curl     && rm -rf /var/lib/apt/lists/*
#15 30.60 Unpacking libgssapi-krb5-2:amd64 (1.21.3-5) ...
#15 30.78 Selecting previously unselected package openssh-client.
#15 30.78 Preparing to unpack .../09-openssh-client_1%3a10.0p1-7_amd64.deb ...
#15 30.81 Unpacking openssh-client (1:10.0p1-7) ...
#15 31.09 Selecting previously unselected package libbrotli1:amd64.
#15 31.09 Preparing to unpack .../10-libbrotli1_1.1.0-2+b7_amd64.deb ...
#15 31.12 Unpacking libbrotli1:amd64 (1.1.0-2+b7) ...
#15 31.31 Selecting previously unselected package libunistring5:amd64.
#15 31.31 Preparing to unpack .../11-libunistring5_1.3-2_amd64.deb ...
#15 31.33 Unpacking libunistring5:amd64 (1.3-2) ...
#15 31.55 Selecting previously unselected package libidn2-0:amd64.
#15 31.55 Preparing to unpack .../12-libidn2-0_2.3.8-2_amd64.deb ...
#15 31.57 Unpacking libidn2-0:amd64 (2.3.8-2) ...
#15 31.70 Selecting previously unselected package libsasl2-modules-db:amd64.
#15 31.70 Preparing to unpack .../13-libsasl2-modules-db_2.1.28+dfsg1-9_amd64.deb ...
#15 31.72 Unpacking libsasl2-modules-db:amd64 (2.1.28+dfsg1-9) ...
#15 31.86 Selecting previously unselected package libsasl2-2:amd64.
#15 31.86 Preparing to unpack .../14-libsasl2-2_2.1.28+dfsg1-9_amd64.deb ...
#15 31.88 Unpacking libsasl2-2:amd64 (2.1.28+dfsg1-9) ...
#15 32.02 Selecting previously unselected package libldap2:amd64.
#15 32.02 Preparing to unpack .../15-libldap2_2.6.10+dfsg-1_amd64.deb ...
#15 32.04 Unpacking libldap2:amd64 (2.6.10+dfsg-1) ...
#15 32.21 Selecting previously unselected package libnghttp2-14:amd64.
#15 32.21 Preparing to unpack .../16-libnghttp2-14_1.64.0-1.1_amd64.deb ...
#15 32.23 Unpacking libnghttp2-14:amd64 (1.64.0-1.1) ...
#15 32.38 Selecting previously unselected package libnghttp3-9:amd64.
#15 32.38 Preparing to unpack .../17-libnghttp3-9_1.8.0-1_amd64.deb ...
#15 32.40 Unpacking libnghttp3-9:amd64 (1.8.0-1) ...
#15 32.54 Selecting previously unselected package libpsl5t64:amd64.
#15 32.54 Preparing to unpack .../18-libpsl5t64_0.21.2-1.1+b1_amd64.deb ...
#15 32.56 Unpacking libpsl5t64:amd64 (0.21.2-1.1+b1) ...
#15 32.73 Selecting previously unselected package libp11-kit0:amd64.
#15 32.73 Preparing to unpack .../19-libp11-kit0_0.25.5-3_amd64.deb ...
#15 32.75 Unpacking libp11-kit0:amd64 (0.25.5-3) ...
#15 32.94 Selecting previously unselected package libtasn1-6:amd64.
#15 32.94 Preparing to unpack .../20-libtasn1-6_4.20.0-2_amd64.deb ...
#15 32.96 Unpacking libtasn1-6:amd64 (4.20.0-2) ...
#15 33.11 Selecting previously unselected package libgnutls30t64:amd64.
#15 33.11 Preparing to unpack .../21-libgnutls30t64_3.8.9-3_amd64.deb ...
#15 33.13 Unpacking libgnutls30t64:amd64 (3.8.9-3) ...
#15 33.41 Selecting previously unselected package librtmp1:amd64.
#15 33.42 Preparing to unpack .../22-librtmp1_2.4+20151223.gitfa8646d.1-2+b5_amd64.deb ...
#15 33.43 Unpacking librtmp1:amd64 (2.4+20151223.gitfa8646d.1-2+b5) ...
#15 33.59 Selecting previously unselected package libssh2-1t64:amd64.
#15 33.59 Preparing to unpack .../23-libssh2-1t64_1.11.1-1_amd64.deb ...
#15 33.61 Unpacking libssh2-1t64:amd64 (1.11.1-1) ...
#15 33.79 Selecting previously unselected package libcurl4t64:amd64.
#15 33.79 Preparing to unpack .../24-libcurl4t64_8.14.1-2+deb13u2_amd64.deb ...
#15 33.80 Unpacking libcurl4t64:amd64 (8.14.1-2+deb13u2) ...
#15 33.97 Selecting previously unselected package curl.
#15 33.97 Preparing to unpack .../25-curl_8.14.1-2+deb13u2_amd64.deb ...
#15 33.99 Unpacking curl (8.14.1-2+deb13u2) ...
#15 34.16 Selecting previously unselected package libpq5:amd64.
#15 34.16 Preparing to unpack .../26-libpq5_17.6-0+deb13u1_amd64.deb ...
#15 34.18 Unpacking libpq5:amd64 (17.6-0+deb13u1) ...
#15 34.36 Setting up libkeyutils1:amd64 (1.6.3-6) ...
#15 34.43 Setting up libcbor0.10:amd64 (0.10.2-2) ...
#15 34.47 Setting up libbrotli1:amd64 (1.1.0-2+b7) ...
#15 34.52 Setting up libedit2:amd64 (3.1-20250104-1) ...
#15 34.57 Setting up libnghttp2-14:amd64 (1.64.0-1.1) ...
#15 34.62 Setting up libcom-err2:amd64 (1.47.2-3+b3) ...
#15 34.67 Setting up libkrb5support0:amd64 (1.21.3-5) ...
#15 34.72 Setting up libsasl2-modules-db:amd64 (2.1.28+dfsg1-9) ...
#15 34.77 Setting up libp11-kit0:amd64 (0.25.5-3) ...
#15 34.81 Setting up libunistring5:amd64 (1.3-2) ...
#15 34.86 Setting up libk5crypto3:amd64 (1.21.3-5) ...
#15 34.90 Setting up libsasl2-2:amd64 (2.1.28+dfsg1-9) ...
#15 34.95 Setting up libnghttp3-9:amd64 (1.8.0-1) ...
#15 34.99 Setting up libtasn1-6:amd64 (4.20.0-2) ...
#15 35.04 Setting up libkrb5-3:amd64 (1.21.3-5) ...
#15 35.08 Setting up libssh2-1t64:amd64 (1.11.1-1) ...
#15 35.13 Setting up libfido2-1:amd64 (1.15.0-1+b1) ...
#15 35.19 Setting up libldap2:amd64 (2.6.10+dfsg-1) ...
#15 35.24 Setting up libidn2-0:amd64 (2.3.8-2) ...
#15 35.29 Setting up libgssapi-krb5-2:amd64 (1.21.3-5) ...
#15 35.34 Setting up libgnutls30t64:amd64 (3.8.9-3) ...
#15 35.38 Setting up openssh-client (1:10.0p1-7) ...
#15 36.01 Setting up libpsl5t64:amd64 (0.21.2-1.1+b1) ...
#15 36.06 Setting up libpq5:amd64 (17.6-0+deb13u1) ...
#15 36.11 Setting up librtmp1:amd64 (2.4+20151223.gitfa8646d.1-2+b5) ...
#15 36.16 Setting up libcurl4t64:amd64 (8.14.1-2+deb13u2) ...
#15 36.21 Setting up curl (8.14.1-2+deb13u2) ...
#15 36.25 Processing triggers for libc-bin (2.41-12) ...
#15 DONE 37.2s

#16 [api stage-1 3/7] RUN groupadd -r appuser &&     useradd -r -g appuser -u 1000 -m -s /bin/bash appuser
#16 0.637 useradd warning: appuser's uid 1000 is greater than SYS_UID_MAX 999
#16 DONE 0.9s

#17 [api stage-1 4/7] WORKDIR /app
#17 DONE 0.3s

#18 [api builder 3/5] RUN apt-get update && apt-get install -y --no-install-recommends     gcc     g++     libffi-dev     libssl-dev     libpq-dev     && rm -rf /var/lib/apt/lists/*
#18 1.213 Hit:1 http://deb.debian.org/debian trixie InRelease
#18 1.214 Get:2 http://deb.debian.org/debian trixie-updates InRelease [47.3 kB]
#18 1.228 Get:3 http://deb.debian.org/debian-security trixie-security InRelease [43.4 kB]
#18 1.293 Get:4 http://deb.debian.org/debian trixie/main amd64 Packages [9670 kB]
#18 8.478 Get:5 http://deb.debian.org/debian trixie-updates/main amd64 Packages [5412 B]
#18 8.507 Get:6 http://deb.debian.org/debian-security trixie-security/main amd64 Packages [71.8 kB]
#18 10.24 Fetched 9838 kB in 9s (1068 kB/s)
#18 10.24 Reading package lists...
#18 11.61 Reading package lists...
#18 12.94 Building dependency tree...
#18 13.21 Reading state information...
#18 13.60 The following additional packages will be installed:
#18 13.60   binutils binutils-common binutils-x86-64-linux-gnu cpp cpp-14
#18 13.60   cpp-14-x86-64-linux-gnu cpp-x86-64-linux-gnu g++-14 g++-14-x86-64-linux-gnu
#18 13.60   g++-x86-64-linux-gnu gcc-14 gcc-14-x86-64-linux-gnu gcc-x86-64-linux-gnu
#18 13.60   libasan8 libatomic1 libbinutils libc-dev-bin libc6-dev libcc1-0 libcom-err2
#18 13.60   libcrypt-dev libctf-nobfd0 libctf0 libgcc-14-dev libgomp1 libgprofng0
#18 13.60   libgssapi-krb5-2 libhwasan0 libisl23 libitm1 libjansson4 libk5crypto3
#18 13.60   libkeyutils1 libkrb5-3 libkrb5support0 libldap2 liblsan0 libmpc3 libmpfr6
#18 13.60   libpq5 libquadmath0 libsasl2-2 libsasl2-modules-db libsframe1
#18 13.60   libstdc++-14-dev libtsan2 libubsan1 linux-libc-dev rpcsvc-proto
#18 13.60 Suggested packages:
#18 13.60   binutils-doc gprofng-gui binutils-gold cpp-doc gcc-14-locales cpp-14-doc
#18 13.60   g++-multilib g++-14-multilib gcc-14-doc gcc-multilib make manpages-dev
#18 13.60   autoconf automake libtool flex bison gdb gcc-doc gcc-14-multilib
#18 13.60   gdb-x86-64-linux-gnu libc-devtools glibc-doc krb5-doc krb5-user
#18 13.60   postgresql-doc-17 libssl-doc libstdc++-14-doc
#18 13.60 Recommended packages:
#18 13.60   manpages manpages-dev krb5-locales libldap-common libsasl2-modules
#18 14.06 The following NEW packages will be installed:
#18 14.06   binutils binutils-common binutils-x86-64-linux-gnu cpp cpp-14
#18 14.07   cpp-14-x86-64-linux-gnu cpp-x86-64-linux-gnu g++ g++-14
#18 14.07   g++-14-x86-64-linux-gnu g++-x86-64-linux-gnu gcc gcc-14
#18 14.07   gcc-14-x86-64-linux-gnu gcc-x86-64-linux-gnu libasan8 libatomic1 libbinutils
#18 14.07   libc-dev-bin libc6-dev libcc1-0 libcom-err2 libcrypt-dev libctf-nobfd0
#18 14.07   libctf0 libffi-dev libgcc-14-dev libgomp1 libgprofng0 libgssapi-krb5-2
#18 14.07   libhwasan0 libisl23 libitm1 libjansson4 libk5crypto3 libkeyutils1 libkrb5-3
#18 14.07   libkrb5support0 libldap2 liblsan0 libmpc3 libmpfr6 libpq-dev libpq5
#18 14.07   libquadmath0 libsasl2-2 libsasl2-modules-db libsframe1 libssl-dev
#18 14.07   libstdc++-14-dev libtsan2 libubsan1 linux-libc-dev rpcsvc-proto
#18 14.17 0 upgraded, 54 newly installed, 0 to remove and 0 not upgraded.
#18 14.17 Need to get 75.6 MB of archives.
#18 14.17 After this operation, 298 MB of additional disk space will be used.
#18 14.17 Get:1 http://deb.debian.org/debian trixie/main amd64 libsframe1 amd64 2.44-3 [78.4 kB]
#18 14.20 Get:2 http://deb.debian.org/debian trixie/main amd64 binutils-common amd64 2.44-3 [2509 kB]
#18 15.55 Get:3 http://deb.debian.org/debian trixie/main amd64 libbinutils amd64 2.44-3 [534 kB]
#18 16.23 Get:4 http://deb.debian.org/debian trixie/main amd64 libgprofng0 amd64 2.44-3 [808 kB]
#18 17.51 Get:5 http://deb.debian.org/debian trixie/main amd64 libctf-nobfd0 amd64 2.44-3 [156 kB]
#18 18.13 Get:6 http://deb.debian.org/debian trixie/main amd64 libctf0 amd64 2.44-3 [88.6 kB]
#18 18.63 Get:7 http://deb.debian.org/debian trixie/main amd64 libjansson4 amd64 2.14-2+b3 [39.8 kB]
#18 18.76 Get:8 http://deb.debian.org/debian trixie/main amd64 binutils-x86-64-linux-gnu amd64 2.44-3 [1014 kB]
#18 25.26 Get:9 http://deb.debian.org/debian trixie/main amd64 binutils amd64 2.44-3 [265 kB]
#18 25.97 Get:10 http://deb.debian.org/debian trixie/main amd64 libisl23 amd64 0.27-1 [659 kB]
#18 28.82 Get:11 http://deb.debian.org/debian trixie/main amd64 libmpfr6 amd64 4.2.2-1 [729 kB]
#18 30.48 Get:12 http://deb.debian.org/debian trixie/main amd64 libmpc3 amd64 1.3.1-1+b3 [52.2 kB]
#18 30.64 Get:13 http://deb.debian.org/debian trixie/main amd64 cpp-14-x86-64-linux-gnu amd64 14.2.0-19 [11.0 MB]
#18 51.10 Get:14 http://deb.debian.org/debian trixie/main amd64 cpp-14 amd64 14.2.0-19 [1280 B]
#18 51.10 Get:15 http://deb.debian.org/debian trixie/main amd64 cpp-x86-64-linux-gnu amd64 4:14.2.0-1 [4840 B]
#18 51.10 Get:16 http://deb.debian.org/debian trixie/main amd64 cpp amd64 4:14.2.0-1 [1568 B]
#18 51.10 Get:17 http://deb.debian.org/debian trixie/main amd64 libcc1-0 amd64 14.2.0-19 [42.8 kB]
#18 51.10 Get:18 http://deb.debian.org/debian trixie/main amd64 libgomp1 amd64 14.2.0-19 [137 kB]
#18 51.32 Get:19 http://deb.debian.org/debian trixie/main amd64 libitm1 amd64 14.2.0-19 [26.0 kB]
#18 51.42 Get:20 http://deb.debian.org/debian trixie/main amd64 libatomic1 amd64 14.2.0-19 [9308 B]
#18 51.44 Get:21 http://deb.debian.org/debian trixie/main amd64 libasan8 amd64 14.2.0-19 [2725 kB]
#18 54.23 Get:22 http://deb.debian.org/debian trixie/main amd64 liblsan0 amd64 14.2.0-19 [1204 kB]
#18 54.73 Get:23 http://deb.debian.org/debian trixie/main amd64 libtsan2 amd64 14.2.0-19 [2460 kB]
#18 55.72 Get:24 http://deb.debian.org/debian trixie/main amd64 libubsan1 amd64 14.2.0-19 [1074 kB]
#18 56.18 Get:25 http://deb.debian.org/debian trixie/main amd64 libhwasan0 amd64 14.2.0-19 [1488 kB]
#18 56.79 Get:26 http://deb.debian.org/debian trixie/main amd64 libquadmath0 amd64 14.2.0-19 [145 kB]
#18 56.85 Get:27 http://deb.debian.org/debian trixie/main amd64 libgcc-14-dev amd64 14.2.0-19 [2672 kB]
#18 57.88 Get:28 http://deb.debian.org/debian trixie/main amd64 gcc-14-x86-64-linux-gnu amd64 14.2.0-19 [21.4 MB]
#18 66.02 Get:29 http://deb.debian.org/debian trixie/main amd64 gcc-14 amd64 14.2.0-19 [540 kB]
#18 66.24 Get:30 http://deb.debian.org/debian trixie/main amd64 gcc-x86-64-linux-gnu amd64 4:14.2.0-1 [1436 B]
#18 66.25 Get:31 http://deb.debian.org/debian trixie/main amd64 gcc amd64 4:14.2.0-1 [5136 B]
#18 66.25 Get:32 http://deb.debian.org/debian trixie/main amd64 libc-dev-bin amd64 2.41-12 [58.2 kB]
#18 66.27 Get:33 http://deb.debian.org/debian trixie/main amd64 linux-libc-dev all 6.12.57-1 [2692 kB]
#18 67.43 Get:34 http://deb.debian.org/debian trixie/main amd64 libcrypt-dev amd64 1:4.4.38-1 [119 kB]
#18 67.48 Get:35 http://deb.debian.org/debian trixie/main amd64 rpcsvc-proto amd64 1.4.3-1 [63.3 kB]
#18 67.51 Get:36 http://deb.debian.org/debian trixie/main amd64 libc6-dev amd64 2.41-12 [1991 kB]
#18 68.28 Get:37 http://deb.debian.org/debian trixie/main amd64 libstdc++-14-dev amd64 14.2.0-19 [2376 kB]
#18 69.27 Get:38 http://deb.debian.org/debian trixie/main amd64 g++-14-x86-64-linux-gnu amd64 14.2.0-19 [12.1 MB]
#18 ...

#19 [frontend internal] load build context
#19 transferring context: 15.85MB 7.3s
#19 ...

#20 [api internal] load build context
#20 ...

#19 [frontend internal] load build context
